2026-03-29 18:16:13,366 - INFO - Loading dataset...
2026-03-29 18:16:14,367 - INFO - Dataset shape: (3000888, 6)
2026-03-29 18:16:14,367 - INFO - Starting preprocessing...
2026-03-29 18:16:14,859 - INFO - Preprocessing completed
2026-03-29 18:16:14,871 - INFO - Creating features...
2026-03-29 18:16:16,117 - INFO - Feature engineering done
2026-03-29 18:16:16,131 - INFO - Training started...
2026-03-29 18:16:16,139 - ERROR - Training error: 'random_forest'
2026-03-29 18:18:52,016 - INFO - Loading dataset...
2026-03-29 18:18:53,029 - INFO - Dataset shape: (3000888, 6)
2026-03-29 18:18:53,029 - INFO - Starting preprocessing...
2026-03-29 18:18:53,519 - INFO - Preprocessing completed
2026-03-29 18:18:53,533 - INFO - Creating features...
2026-03-29 18:18:54,791 - INFO - Feature engineering done
2026-03-29 18:18:54,804 - INFO - Training started...
2026-03-29 18:18:54,880 - INFO - Training RandomForest config 0: {'n_estimators': 50, 'max_depth': 5}
2026-03-29 18:18:55,397 - ERROR - Training error: could not convert string to float: 'AUTOMOTIVE'
2026-03-29 18:20:35,715 - INFO - Loading dataset...
2026-03-29 18:20:36,739 - INFO - Dataset shape: (3000888, 6)
2026-03-29 18:20:36,739 - INFO - Starting preprocessing...
2026-03-29 18:20:37,333 - INFO - Preprocessing completed
2026-03-29 18:20:37,344 - INFO - Creating features...
2026-03-29 18:20:38,281 - INFO - Feature engineering done
2026-03-29 18:20:38,291 - INFO - Training started...
2026-03-29 18:20:38,349 - INFO - Training RandomForest config 0: {'n_estimators': 50, 'max_depth': 5}
2026-03-29 18:23:28,061 - ERROR - Training error: got an unexpected keyword argument 'squared'
2026-03-29 18:30:18,834 - INFO - Loading dataset...
2026-03-29 18:30:19,867 - INFO - Dataset shape: (3000888, 6)
2026-03-29 18:30:19,867 - INFO - Starting preprocessing...
2026-03-29 18:30:20,444 - INFO - Preprocessing completed
2026-03-29 18:30:20,456 - INFO - Creating features...
2026-03-29 18:30:21,405 - INFO - Feature engineering done
2026-03-29 18:30:21,417 - INFO - Training started...
2026-03-29 18:30:21,474 - INFO - Training RandomForest config 0: {'n_estimators': 50, 'max_depth': 5}
2026-03-29 18:33:10,542 - ERROR - Training error: got an unexpected keyword argument 'squared'
2026-03-29 18:35:41,112 - INFO - Loading dataset...
2026-03-29 18:35:42,135 - INFO - Dataset shape: (3000888, 6)
2026-03-29 18:35:42,135 - INFO - Starting preprocessing...
2026-03-29 18:35:42,707 - INFO - Preprocessing completed
2026-03-29 18:35:42,719 - INFO - Creating features...
2026-03-29 18:35:43,652 - INFO - Feature engineering done
2026-03-29 18:35:43,665 - INFO - Training started...
2026-03-29 18:35:43,721 - INFO - Training RandomForest config 0: {'n_estimators': 50, 'max_depth': 5}
2026-03-29 18:38:34,617 - ERROR - Training error: got an unexpected keyword argument 'squared'
2026-03-29 18:43:55,126 - INFO - Loading dataset...
2026-03-29 18:43:56,113 - INFO - Dataset shape: (3000888, 6)
2026-03-29 18:43:56,113 - INFO - Starting preprocessing...
2026-03-29 18:43:56,681 - INFO - Preprocessing completed
2026-03-29 18:43:56,694 - INFO - Creating features...
2026-03-29 18:43:57,623 - INFO - Feature engineering done
2026-03-29 18:43:57,635 - INFO - Training started...
2026-03-29 18:43:57,690 - INFO - Training RandomForest config 0: {'n_estimators': 50, 'max_depth': 5}
2026-03-29 18:46:47,931 - INFO - RF Config 0 RMSE: 494.67730458607167
2026-03-29 18:46:47,932 - INFO - Training RandomForest config 1: {'n_estimators': 100, 'max_depth': 10}
2026-03-29 18:56:41,075 - INFO - RF Config 1 RMSE: 407.5469339589902
2026-03-29 18:56:41,075 - INFO - Training XGBoost config 0: {'n_estimators': 50, 'max_depth': 5, 'learning_rate': 0.1}
2026-03-29 18:56:42,812 - INFO - XGB Config 0 RMSE: 431.78688683709703
2026-03-29 18:56:42,812 - INFO - Training XGBoost config 1: {'n_estimators': 100, 'max_depth': 8, 'learning_rate': 0.05}
2026-03-29 18:56:46,460 - INFO - XGB Config 1 RMSE: 426.81537536259935
2026-03-29 18:56:46,460 - ERROR - Training error: [Errno 2] No such file or directory: 'models/model_v1.pkl'
2026-03-29 19:13:52,572 - INFO - Loading dataset...
2026-03-29 19:13:53,638 - INFO - Dataset shape: (3000888, 6)
2026-03-29 19:13:53,638 - INFO - Starting preprocessing...
2026-03-29 19:13:54,292 - INFO - Creating features...
2026-03-29 19:26:48,223 - ERROR - Training error: XGBModel.fit() got an unexpected keyword argument 'early_stopping_rounds'
2026-03-30 18:35:46,686 - INFO - Loading dataset...
2026-03-30 18:35:49,203 - INFO - Dataset shape: (3000888, 6)
2026-03-30 18:35:49,203 - INFO - Starting preprocessing...
2026-03-30 18:35:50,677 - INFO - Creating features...
2026-03-30 18:56:00,969 - ERROR - Training error: XGBModel.fit() got an unexpected keyword argument 'early_stopping_rounds'
2026-03-30 19:08:18,078 - INFO - Loading dataset...
2026-03-30 19:08:19,140 - INFO - Dataset shape: (3000888, 6)
2026-03-30 19:08:19,140 - INFO - Starting preprocessing...
2026-03-30 19:08:19,796 - INFO - Creating features...
2026-03-30 19:31:55,547 - INFO - Loading dataset...
2026-03-30 19:31:56,561 - INFO - Dataset shape: (3000888, 6)
2026-03-30 19:31:56,561 - INFO - Starting preprocessing...
2026-03-30 19:31:57,157 - INFO - Creating features...
2026-03-30 19:32:22,675 - INFO - Loading dataset...
2026-03-30 19:32:23,606 - INFO - Dataset shape: (3000888, 6)
2026-03-30 19:32:23,606 - INFO - Starting preprocessing...
2026-03-30 19:32:24,205 - INFO - Creating features...
2026-03-30 19:34:31,666 - INFO - Loading dataset...
2026-03-30 19:34:32,584 - INFO - Dataset shape: (3000888, 6)
2026-03-30 19:34:32,584 - INFO - Starting preprocessing...
2026-03-30 19:34:33,145 - INFO - Creating features...
2026-03-30 19:43:14,885 - INFO - Loading dataset...
2026-03-30 19:43:15,817 - INFO - Dataset shape: (3000888, 6)
2026-03-30 19:43:15,817 - INFO - Starting preprocessing...
2026-03-30 19:43:16,373 - INFO - Creating features...
2026-03-30 20:00:13,958 - INFO - Loading dataset...
2026-03-30 20:00:14,918 - INFO - Dataset shape: (3000888, 6)
2026-03-30 20:00:14,918 - INFO - Starting preprocessing...
2026-03-30 20:00:15,527 - INFO - Creating features...
2026-03-31 10:33:47,390 - INFO - Loading dataset...
2026-03-31 10:33:48,413 - INFO - Dataset shape: (3000888, 6)
2026-03-31 10:33:48,413 - INFO - Starting preprocessing...
2026-03-31 10:33:49,040 - INFO - Creating features...
2026-03-31 10:33:52,618 - ERROR - Training error: API request to endpoint /api/2.0/mlflow/runs/create failed with error code 404 != 200. Response body: ''
2026-03-31 10:36:27,601 - INFO - Loading dataset...
2026-03-31 10:36:28,542 - INFO - Dataset shape: (3000888, 6)
2026-03-31 10:36:28,542 - INFO - Starting preprocessing...
2026-03-31 10:36:29,113 - INFO - Creating features...
2026-03-31 10:36:32,309 - ERROR - Training error: API request to endpoint /api/2.0/mlflow/runs/create failed with error code 404 != 200. Response body: ''
2026-03-31 10:47:32,339 - INFO - Loading dataset...
2026-03-31 10:47:33,328 - INFO - Dataset shape: (3000888, 6)
2026-03-31 10:47:33,328 - INFO - Starting preprocessing...
2026-03-31 10:47:33,903 - INFO - Creating features...
2026-03-31 10:47:36,412 - ERROR - Training error: Could not find experiment with ID 0
2026-03-31 10:52:26,064 - INFO - Loading dataset...
2026-03-31 10:52:27,015 - INFO - Dataset shape: (3000888, 6)
2026-03-31 10:52:27,015 - INFO - Starting preprocessing...
2026-03-31 10:52:27,592 - INFO - Creating features...
2026-03-31 11:08:55,294 - INFO - Loading dataset...
2026-03-31 11:08:56,225 - INFO - Dataset shape: (3000888, 6)
2026-03-31 11:08:56,226 - INFO - Starting preprocessing...
2026-03-31 11:08:56,809 - INFO - Creating features...
2026-03-31 12:29:19,110 - ERROR - Training error: xgboost.sklearn.XGBRegressor() got multiple values for keyword argument 'subsample'
2026-03-31 14:15:09,819 - INFO - Loading dataset...
2026-03-31 14:15:10,746 - INFO - Dataset shape: (3000888, 6)
2026-03-31 14:15:10,746 - INFO - Starting preprocessing...
2026-03-31 14:15:11,302 - INFO - Creating features...
